// Jest Snapshot v1, https://goo.gl/fbAQLP

exports[`Gifs component renders 1`] = `
<DeckOfComps
  Component={[Function]}
  items={Array []}
  title="GIFs"
/>
`;
